0 2025-01-01 S=5517
20 2025-01-21 S=6007
40 2025-02-10 S=4037
60 2025-03-02 S=4147
80 2025-03-22 S=3654
100 2025-04-11 S=2274
120 2025-05-01 S=1200
140 2025-05-21 S=2486
160 2025-06-10 S=2572
180 2025-06-30 S=2993
200 2025-07-20 S=2129
220 2025-08-09 S=1432
240 2025-08-29 S=1412
260 2025-09-18 S=1979
280 2025-10-08 S=2759
300 2025-10-28 S=2116
320 2025-11-17 S=4620
340 2025-12-07 S=4826
360 2025-12-27 S=4414
{
  "variant": "3",
  "elapsed_seconds": 399.4,
  "total_cost_yuan": 13823725.79,
  "plan_cost_yuan": 12718029.74,
  "adjust_cost_yuan": 883540.76,
  "emergency_cost_yuan": 222155.29,
  "emergency_kwh": 41355.11,
  "charge_kwh": 6311354.22,
  "discharge_kwh": 5112600.58,
  "curtail_kwh": 1219773.54,
  "adjust_up_kwh": 595747.48,
  "adjust_down_kwh": 290727.9
}
-> C:\Users\admin\Desktop\zz\outputs\q4

