0 2025-01-01 S=3856
20 2025-01-21 S=5746
40 2025-02-10 S=4198
60 2025-03-02 S=3519
80 2025-03-22 S=4482
100 2025-04-11 S=2347
120 2025-05-01 S=1200
140 2025-05-21 S=2392
160 2025-06-10 S=4540
180 2025-06-30 S=4772
200 2025-07-20 S=5151
220 2025-08-09 S=1820
240 2025-08-29 S=1825
260 2025-09-18 S=1473
280 2025-10-08 S=3221
300 2025-10-28 S=2162
320 2025-11-17 S=4342
340 2025-12-07 S=5284
360 2025-12-27 S=5099
{
  "variant": "2",
  "elapsed_seconds": 222.2,
  "total_cost_yuan": 14480207.73,
  "plan_cost_yuan": 13567750.95,
  "adjust_cost_yuan": 0.0,
  "emergency_cost_yuan": 912456.77,
  "emergency_kwh": 144947.5,
  "charge_kwh": 6075378.6,
  "discharge_kwh": 4921366.87,
  "curtail_kwh": 1701320.86,
  "adjust_up_kwh": 0.0,
  "adjust_down_kwh": 0.0
}
-> C:\Users\admin\Desktop\zz\outputs\q4

