0 2025-01-01 S=10800
20 2025-01-21 S=10071
40 2025-02-10 S=9577
60 2025-03-02 S=9741
80 2025-03-22 S=10538
100 2025-04-11 S=9970
120 2025-05-01 S=8986
140 2025-05-21 S=10125
160 2025-06-10 S=9982
180 2025-06-30 S=10358
200 2025-07-20 S=9952
220 2025-08-09 S=9535
240 2025-08-29 S=9734
260 2025-09-18 S=9221
280 2025-10-08 S=10266
300 2025-10-28 S=9602
320 2025-11-17 S=10128
340 2025-12-07 S=10800
360 2025-12-27 S=9703
{
  "elapsed_seconds": 373.6,
  "total_cost_yuan": 13159245.19,
  "plan_cost_yuan": 12113614.62,
  "adjust_cost_yuan": 829834.87,
  "emergency_cost_yuan": 215795.69,
  "emergency_kwh": 38939.67,
  "charge_kwh": 6924748.99,
  "discharge_kwh": 5609458.13,
  "curtail_kwh": 1254451.26,
  "adjust_up_kwh": 581060.97,
  "adjust_down_kwh": 263887.03
}
-> C:\Users\admin\Desktop\zz\outputs\q3_multistage
