  [checkpoint] 签名不一致，忽略 none.json
[计算] none
  none: 100/365
  none: 200/365
  none: 300/365
[完成] none
  [checkpoint] 签名不一致，忽略 6.json
[计算] 6
  6: 100/365
  6: 200/365
  6: 300/365
[完成] 6
  [checkpoint] 签名不一致，忽略 12.json
[计算] 12
  12: 100/365
  12: 200/365
  12: 300/365
[完成] 12
  [checkpoint] 签名不一致，忽略 18.json
[计算] 18
  18: 100/365
  18: 200/365
  18: 300/365
[完成] 18
  [checkpoint] 签名不一致，忽略 6+12.json
[计算] 6+12
  6+12: 100/365
  6+12: 200/365
  6+12: 300/365
[完成] 6+12
  [checkpoint] 签名不一致，忽略 6+18.json
[计算] 6+18
  6+18: 100/365
  6+18: 200/365
  6+18: 300/365
[完成] 6+18
  [checkpoint] 签名不一致，忽略 12+18.json
[计算] 12+18
  12+18: 100/365
  12+18: 200/365
  12+18: 300/365
[完成] 12+18
  [checkpoint] 签名不一致，忽略 6+12+18.json
[计算] 6+12+18
  6+12+18: 100/365
  6+12+18: 200/365
  6+12+18: 300/365
[完成] 6+12+18
  [checkpoint] 签名不一致，忽略 6+12+18_frozen0.json
[计算] 6+12+18_frozen0
  6+12+18_frozen0: 100/365
  6+12+18_frozen0: 200/365
  6+12+18_frozen0: 300/365
[完成] 6+12+18_frozen0
  [checkpoint] 签名不一致，忽略 6+12+18_refund.json
[计算] 6+12+18_refund
  6+12+18_refund: 100/365
  6+12+18_refund: 200/365
  6+12+18_refund: 300/365
[完成] 6+12+18_refund
{
  "settlement_cost_yuan": 13940094.948823366,
  "emergency_cost_yuan": 803311.8196646414,
  "total_cost_yuan": 14743406.768488009,
  "emergency_kwh": 209501.65758584894,
  "planned_purchase_kwh": 22301486.46653369,
  "final_contract_kwh": 22593339.574142985,
  "days": 334
}
