  6+12+18: 100/365
  6+12+18: 200/365
  6+12+18: 300/365
  6+12+18: 100/365
  6+12+18: 200/365
  6+12+18: 300/365
[整年] 6+12+18 / HiGHS 默认对偶单纯形（交付口径）: 14,743,406.7685 元 （相对已验收 +0.0000）
  6+12+18: 100/365
  6+12+18: 200/365
  6+12+18: 300/365
[整年] 6+12+18 / highs-ipm 内点法: 14,712,890.3190 元 （相对已验收 -30,516.4495）
  6+12+18: 100/365
  6+12+18: 200/365
  6+12+18: 300/365
[整年] 6+12+18 / highs-ipm + 吞吐量平局 1e-6: 14,710,232.3436 元 （相对已验收 -33,174.4249）
  6+12+18: 100/365
  6+12+18: 200/365
  6+12+18: 300/365
[整年] 6+12+18 / highs-ipm + 吞吐量平局 1e-5: 14,713,230.2581 元 （相对已验收 -30,176.5104）
  6+12+18: 100/365
  6+12+18: 200/365
  6+12+18: 300/365
[整年] 6+12+18 / highs-ipm + 吞吐量平局 1e-4: 14,710,109.1351 元 （相对已验收 -33,297.6333）
  6+12: 100/365
  6+12: 200/365
  6+12: 300/365
[整年] 6+12 / HiGHS 默认对偶单纯形（交付口径）: 14,749,689.4298 元 （相对已验收 +0.0000）
  6+12: 100/365
  6+12: 200/365
  6+12: 300/365
[整年] 6+12 / highs-ipm 内点法: 14,719,784.4039 元 （相对已验收 -29,905.0260）
  6+12: 100/365
  6+12: 200/365
  6+12: 300/365
[整年] 6+12 / highs-ipm + 吞吐量平局 1e-6: 14,716,595.7132 元 （相对已验收 -33,093.7166）
  6+12: 100/365
  6+12: 200/365
  6+12: 300/365
[整年] 6+12 / highs-ipm + 吞吐量平局 1e-5: 14,719,707.8811 元 （相对已验收 -29,981.5487）
  6+12: 100/365
  6+12: 200/365
  6+12: 300/365
[整年] 6+12 / highs-ipm + 吞吐量平局 1e-4: 14,716,646.2645 元 （相对已验收 -33,043.1654）
回放保真度：通过
  total_cost_yuan: 回放 14,743,406.7685 / 验收 14,743,406.7685 （差 +0.000e+00）
  settlement_cost_yuan: 回放 13,940,094.9488 / 验收 13,940,094.9488 （差 +0.000e+00）
  emergency_cost_yuan: 回放 803,311.8197 / 验收 803,311.8197 （差 +0.000e+00）
  emergency_kwh: 回放 209,501.6576 / 验收 209,501.6576 （差 +0.000e+00）
对比发布时刻 1460 个，其中 LP 退化（目标值相同、轨迹不同）611 个
  最大目标值偏差 +1.699e-03 元（2025-03-06 6:00）
  变体B相对A最大轨迹差异 1611.0069 kWh（2025-03-20 6:00）
  记录解相对A最大轨迹差异 6283.1283 kWh（2025-08-16 6:00）
已写出 C:\Users\admin\Desktop\zz\outputs\q3\uniqueness_check.json、C:\Users\admin\Desktop\zz\reports\q3_uniqueness_check.md
